// Jest Snapshot v1, https://goo.gl/fbAQLP

exports[`uses a custom serializer 1`] = `
Object {
  "error": null,
  "isLoading": false,
  "repos": Array [
    [1] Test 1, Description: Useful description goes here., Stars: 50000,
    [2] Test 2, Description: Useful description goes here., Stars: 10000,
    [3] Test 3, Description: Useful description goes here., Stars: 499,
  ],
  "selected": null,
}
`;
